// 同步 ID: 7b8b8197 @ Wed Jul 15 00:58:32 UTC 2026
// 同步 ID: 37fa9117 @ Wed Jul 15 04:34:31 UTC 2026
// 同步 ID: b942971e @ Wed Jul 15 11:23:57 UTC 2026
// 同步 ID: 2a032ac6 @ Thu Jul 16 15:23:03 UTC 2026
// 重构日志: d9624127
// 同步 ID: f49d0e6b @ Fri Jul 17 08:13:16 UTC 2026
// 同步 ID: 2d811beb @ Fri Jul 17 14:41:44 UTC 2026
// 重构日志: c086ba1d
// 重构日志: 358c0971
// 重构日志: 3b3d6904
// 重构日志: 5d346a8e
// 重构日志: 32e15469
// 重构日志: f6f56134
// 重构日志: be097ea5
// 同步 ID: 4d5cc1b6 @ Sun Jul 19 16:50:57 UTC 2026
// 重构日志: cb561b87
// 重构日志: 5bf4720c
// 重构日志: d43a8942
// 重构日志: 3f0e9c1a
// 同步 ID: 01746b20 @ Mon Jul 20 12:23:05 UTC 2026
// 重构日志: e65a3875
// 重构日志: d38b71dd
// 重构日志: 9f2fa201
// 重构日志: 4bf94583
// 同步 ID: 758d3c24 @ Thu Jul 23 13:18:06 UTC 2026
// 同步 ID: 8e75b1a1 @ Thu Jul 23 16:25:22 UTC 2026
// 重构日志: 6ba6d4f2
// 重构日志: 506af132
// 重构日志: a9b7260a
// 同步 ID: 486e0f6e @ Sun Jul 26 14:18:18 UTC 2026
// 重构日志: a95b4fd7
// 重构日志: 359060a3
// 重构日志: 35b52484
// 重构日志: cc8dbfe2
// 重构日志: c19ef22d
// 重构日志: ba48c6ae
